 ===//
 root@eve-ng:~# cd /tmp
root@eve-ng:/tmp# ls
ade  hsperfdata_tomcat8  netio32768  PA-VM-ESX-6.1.0.ova  tomcat8-tomcat8-tmp  vmware-root
root@eve-ng:/tmp# tar xf ../PA-VM-ESX-6.1.0.ova
tar: ../PA-VM-ESX-6.1.0.ova: Cannot open: No such file or directory
tar: Error is not recoverable: exiting now
root@eve-ng:/tmp# tar xf PA-VM-ESX-6.1.0.ova
root@eve-ng:/tmp# LS
-bash: LS: command not found
root@eve-ng:/tmp# ls
ade                 PA-VM-ESX-6.1.0-disk1.vmdk  PA-VM-ESX-6.1.0.ovf
hsperfdata_tomcat8  PA-VM-ESX-6.1.0.mf          tomcat8-tomcat8-tmp
netio32768          PA-VM-ESX-6.1.0.ova         vmware-root
root@eve-ng:/tmp# 

/opt/qemu/bin/qemu-img convert -f vmdk -O qcow2 PA-VM-ESX-6.1.0-disk1.vmdk virtioa.qcow2

root@eve-ng:/tmp# /opt/qemu/bin/qemu-img convert -f vmdk -O qcow2 PA-VM-ESX-6.1.0-disk1.vmdk virtioa.qcow2
root@eve-ng:/tmp# ls
ade                 PA-VM-ESX-6.1.0-disk1.vmdk  PA-VM-ESX-6.1.0.ovf  vmware-root
hsperfdata_tomcat8  PA-VM-ESX-6.1.0.mf          tomcat8-tomcat8-tmp
netio32768          PA-VM-ESX-6.1.0.ova         virtioa.qcow2
root@eve-ng:/tmp# cd ..
root@eve-ng:/# mkdir -p /opt/unetlab/addons/qemu/paloalto-6.1.0
root@eve-ng:/# mv virtioa.qcow2 /opt/unetlab/addons/qemu/paloalto-6.1.0
mv: cannot stat 'virtioa.qcow2': No such file or directory
root@eve-ng:/# cd /tmp
root@eve-ng:/tmp# mv virtioa.qcow2 /opt/unetlab/addons/qemu/paloalto-6.1.0
root@eve-ng:/tmp# 

